// 重构日志: 567b304e
// 重构日志: f739f9f5
// 重构日志: 5f49763a
// 重构日志: 4e6f6e05
// 重构日志: 96944d88
// 重构日志: 2b788abb
// 重构日志: 4c9076a5
// 同步 ID: 617c3c9e @ Tue Jul 21 07:16:49 UTC 2026
// 重构日志: e9989996
// 重构日志: eb1f47c9
// 重构日志: 5e80e538
// 同步 ID: e6f1bb78 @ Mon Jul 27 00:38:01 UTC 2026
// 重构日志: 08b293ba
// 重构日志: e2427404
// 重构日志: 4dec9670
// 同步 ID: d7ca98b9 @ Wed Jul 29 16:08:08 UTC 2026
// 同步 ID: 7cee44cf @ Thu Jul 30 00:46:16 UTC 2026
// 重构日志: 827962be
// 同步 ID: 3af9b35c @ Fri Jul 31 20:55:15 UTC 2026
// 同步 ID: 51515e0a @ Sat Aug  1 07:40:50 UTC 2026
// 同步 ID: cdf1ccd4 @ Mon Aug  3 00:36:27 UTC 2026
// 重构日志: 56ce2cd3
// 重构日志: 30976f4a
// 重构日志: 1bccfa08
// 重构日志: 4f2fbc01
